
[1/3] 跑模型
────────────────────────────────────────────────────
骨架报告  换电战略决策报告_v4.3.md
决策快照  decision_snapshot_v4_3.json
最终判断  支持重注

[2/3] 生成事实包
────────────────────────────────────────────────────
事实包    facts.json（212 条）

[3/3] 叙述层：检查裸数字 → 注入 → 待复核
────────────────────────────────────────────────────
✓ 0_决策卡.src.md → outputs/0_决策卡.md（0 个事实，无裸数字）
✓ 1_非共识在哪.src.md → outputs/1_非共识在哪.md（0 个事实，无裸数字）
✓ 2_必要性.src.md → outputs/2_必要性.md（0 个事实，无裸数字）
✓ 3_目标市场.src.md → outputs/3_目标市场.md（0 个事实，无裸数字）
✓ 4_可行性.src.md → outputs/4_可行性.md（0 个事实，无裸数字）
✓ 5_业绩.src.md → outputs/5_业绩.md（0 个事实，无裸数字）
✓ 6_冲击与重估.src.md → outputs/6_冲击与重估.md（0 个事实，无裸数字）
✓ 7_投资建议与操作指引.src.md → outputs/7_投资建议与操作指引.md（0 个事实，无裸数字）
✓ 8_反思与后续思考.src.md → outputs/8_反思与后续思考.md（0 个事实，无裸数字）
✓ 业务本质_第一性原理拆解.src.md → outputs/业务本质_第一性原理拆解.md（2 个事实，无裸数字）
✓ 估值_为什么拍这个倍数.src.md → outputs/估值_为什么拍这个倍数.md（14 个事实，无裸数字）
✓ 增量价值_运营单体加制造影响.src.md → outputs/增量价值_运营单体加制造影响.md（0 个事实，无裸数字）
✓ 并购_节奏与竞合.src.md → outputs/并购_节奏与竞合.md（0 个事实，无裸数字）
✓ 必要性_三条路为什么是换电.src.md → outputs/必要性_三条路为什么是换电.md（0 个事实，无裸数字）
✓ 用人信号_战略定力与执行跟踪.src.md → outputs/用人信号_战略定力与执行跟踪.md（0 个事实，无裸数字）
✓ 目标用户_谁的痛点.src.md → outputs/目标用户_谁的痛点.md（7 个事实，无裸数字）
✓ 竞争格局_三足鼎立与赛道内玩家.src.md → outputs/竞争格局_三足鼎立与赛道内玩家.md（0 个事实，无裸数字）
✓ 终局年_为什么是2030.src.md → outputs/终局年_为什么是2030.md（0 个事实，无裸数字）
✓ 资本闭环_REITs与轻资产化.src.md → outputs/资本闭环_REITs与轻资产化.md（0 个事实，无裸数字）
✓ 赔率与跟踪_从世界A到世界B.src.md → outputs/赔率与跟踪_从世界A到世界B.md（0 个事实，无裸数字）
✓ 运营期限_换电是哪类资产.src.md → outputs/运营期限_换电是哪类资产.md（0 个事实，无裸数字）
✓ 非共识_类型判定与证据形态.src.md → outputs/非共识_类型判定与证据形态.md（0 个事实，无裸数字）

收口覆盖率（每份叙述必须声明自己论证哪个读数）：
  文件                                 收口   支撑   主张的读数（定性章另见「定性收口」）
  ────────────────────────────────────────────────────────────────────────────────────────────
  0_决策卡.src.md                       ✓    0    base.target_year、val.incr_over_mktcap
  1_非共识在哪.src.md                     定    3    （纯定性章）
  2_必要性.src.md                       ✓    6    val.mfg_increment
  3_目标市场.src.md                      ✓    10   ops.veh_ops、tco.swap_wan
  4_可行性.src.md                       ✓    8    swap.coverage
  5_业绩.src.md                        ✓    8    swap.ebitda、ops.battery_total
  6_冲击与重估.src.md                     ✓    7    val.swap_increment、val.op_ev_multiple
  7_投资建议与操作指引.src.md                 定    5    （纯定性章）
  8_反思与后续思考.src.md                   定    5    （纯定性章）
  业务本质_第一性原理拆解.src.md                —    0    （未声明）
  估值_为什么拍这个倍数.src.md                 —    0    （未声明）
  增量价值_运营单体加制造影响.src.md              —    0    （未声明）
  并购_节奏与竞合.src.md                    —    0    （未声明）
  必要性_三条路为什么是换电.src.md               —    0    （未声明）
  用人信号_战略定力与执行跟踪.src.md              —    0    （未声明）
  目标用户_谁的痛点.src.md                   —    0    （未声明）
  竞争格局_三足鼎立与赛道内玩家.src.md             —    0    （未声明）
  终局年_为什么是2030.src.md                —    0    （未声明）
  资本闭环_REITs与轻资产化.src.md             —    0    （未声明）
  赔率与跟踪_从世界A到世界B.src.md              —    0    （未声明）
  运营期限_换电是哪类资产.src.md                —    0    （未声明）
  非共识_类型判定与证据形态.src.md               —    0    （未声明）
  ────────────────────────────────────────────────────────────────────────────────────────────
  合计 22 份，已收口 9 份，孤儿 13 份（✓＝定量主张　定＝纯定性收口　—＝孤儿）

⚠ 收口检查 13 处（当前不中断，仅登记）：
   业务本质_第一性原理拆解.src.md：既没有定量收口也没有定性收口——这章就是散文。定量章写 `- 主张: <metric_key>`；纯定性章写 `- 定性收口: <文字>`
   估值_为什么拍这个倍数.src.md：既没有定量收口也没有定性收口——这章就是散文。定量章写 `- 主张: <metric_key>`；纯定性章写 `- 定性收口: <文字>`
   增量价值_运营单体加制造影响.src.md：既没有定量收口也没有定性收口——这章就是散文。定量章写 `- 主张: <metric_key>`；纯定性章写 `- 定性收口: <文字>`
   并购_节奏与竞合.src.md：既没有定量收口也没有定性收口——这章就是散文。定量章写 `- 主张: <metric_key>`；纯定性章写 `- 定性收口: <文字>`
   必要性_三条路为什么是换电.src.md：既没有定量收口也没有定性收口——这章就是散文。定量章写 `- 主张: <metric_key>`；纯定性章写 `- 定性收口: <文字>`
   用人信号_战略定力与执行跟踪.src.md：既没有定量收口也没有定性收口——这章就是散文。定量章写 `- 主张: <metric_key>`；纯定性章写 `- 定性收口: <文字>`
   目标用户_谁的痛点.src.md：既没有定量收口也没有定性收口——这章就是散文。定量章写 `- 主张: <metric_key>`；纯定性章写 `- 定性收口: <文字>`
   竞争格局_三足鼎立与赛道内玩家.src.md：既没有定量收口也没有定性收口——这章就是散文。定量章写 `- 主张: <metric_key>`；纯定性章写 `- 定性收口: <文字>`
   终局年_为什么是2030.src.md：既没有定量收口也没有定性收口——这章就是散文。定量章写 `- 主张: <metric_key>`；纯定性章写 `- 定性收口: <文字>`
   资本闭环_REITs与轻资产化.src.md：既没有定量收口也没有定性收口——这章就是散文。定量章写 `- 主张: <metric_key>`；纯定性章写 `- 定性收口: <文字>`
   赔率与跟踪_从世界A到世界B.src.md：既没有定量收口也没有定性收口——这章就是散文。定量章写 `- 主张: <metric_key>`；纯定性章写 `- 定性收口: <文字>`
   运营期限_换电是哪类资产.src.md：既没有定量收口也没有定性收口——这章就是散文。定量章写 `- 主张: <metric_key>`；纯定性章写 `- 定性收口: <文字>`
   非共识_类型判定与证据形态.src.md：既没有定量收口也没有定性收口——这章就是散文。定量章写 `- 主张: <metric_key>`；纯定性章写 `- 定性收口: <文字>`

════════════════════════════════════════════════════
构建完成。所有文档里的数字同源于 decision_snapshot_v4_3.json，
叙述层不含任何手写数字——改 base.toml 重跑本命令即可全量刷新。
