
[1/3] 跑模型
────────────────────────────────────────────────────
骨架报告  换电战略决策报告_v4.3.md
决策快照  decision_snapshot_v4_3.json
最终判断  支持重注
读数留痕  baseline_history.json（40 条，最新 2026-09-25g）

[2/3] 生成事实包
────────────────────────────────────────────────────
事实包    facts.json（831 条）

[3/3] 叙述层：检查裸数字 → 注入 → 待复核
────────────────────────────────────────────────────

⚠ 跟踪比对（最新实测 vs 模型假设）：
   【重卡·电动化（累计锚 / 单月边际两副眼镜）】［累计口径 · 曲线重标锚］模型 28.9%，实测 36.6%（2026-08），差 -7.7%。实测高出拟合锚，说明曲线该重标——**改锚即可，k/t0 自动重算**，不要手改 nev_rates（复核周期：月度）；［单月口径 · 调仓边际信号］模型 35.0%，实测 47.4%（2026-08），差 -12.4%。**单月看边际、累计看重标**：重卡是生产资料、季节波动大，但跟踪为调仓服务，边际变化必须当月响。单月连续高出阈值＝曲线领先信号（先看月度仪表盘判趋势）；是否重标锚以累计卡 hdt_electrification 为准（复核周期：月度）
   【重卡·换电占纯电（累计锚 / 单月边际两副眼镜）】［累计口径 · 趋势确认锚］模型 44.2%，实测 24.0%（2026-07），差 20.2%。模型假设它会从实测水平反转回升。**这不是 bug，是一个反转预期**——三条推翻条件写在 swap_penetration 声明段，机制与三条反驳见 topics/竞争格局「换电占电动为什么在跌」（复核周期：月度）；［单月口径 · 拐点先行信号］模型 44.2%，实测 20.9%（2026-07），差 23.3%。反转预期（兑现年加权＝换电份额天花板 × 算得过账的车队占比，2026-09-22 起中性约 44%）的高频检验：单月比累计更早反映拐点。**判据仍是连续 4 期不回升则下修**（三条反驳见 vehicles.heavy.scenes 声明段）——单月卡负责当月提示，趋势确认以累计卡 hdt_swap_share 为准（复核周期：月度）
   【私家车池·增长路径】模型 1,200.0，实测 638.1（2026年（1–8月年化）），**高出 1.88 倍**。**净增是存量增量、销量是流量，净增不可能超过销量。** 口径本身没问题（私家车池分母取公安部纯电保有量口径，已排除插混），要核的是这条增长路径的依据。影响量化见沙盘②「私家车敏感性」（复核周期：月度）
   【城配·物流车电动化（年化）】模型 93.8，实测 77.8（2026-08（1–8月年化）），差 16.0。模型分母是城配全口径保有 1,500 万辆；实测是电车资源 NEV 物流车七类上险（不含重卡/皮卡/客车，含中卡），**口径天然窄一截**。模型持续高出阈值＝分母或当年 NEV 率该重标；实测反超模型＝需求上修信号（复核周期：月度）
   【总量·四池流量天花板】模型 1,349.3，实测 1,082.2（2026-08（1–8月年化）），差 267.1。**漏斗天花板：模型覆盖的五个车池当年电动化流量之和不可能超过全国 NEV 总盘**（私家取净增、天然≤销量，方向已保守）。越线必然是某一池假设过大——当前差额几乎全部来自私家车净增路径，逐池拆差见各分卡。实测为中汽协国内口径（不含出口）（复核周期：月度）
   【电池·全国装车量（年化）】模型 885.8，实测 733.7（2026-08（1–8月年化）），差 152.1。模型是 2025 实际 769.7 → 兑现年 1,350 的线性年中值；实测是联盟装车 YTD 年化。**下半年装机季节性偏强、年初年化系统性偏低，越年末越可比**；到四季度仍越阈值，说明装车大盘路径需重标（复核周期：月度）
   【电池·商用车 CATL 份额】模型 80.0%，实测 44.2%（2026-08），差 35.8%。**口径宽，只作 plausibility 锚，不当同口径比对**：模型是换电体系内 CATL 标准份额（重卡并购启源后 80%、城配 80%，按换电流量加权），实测是联盟口径 CATL 占全部商用车装车。要盯的是**差距的趋势**：实测持续上行＝体系外竞争力外溢，持续下行才需回看 80% 是否乐观（复核周期：月度）
✓ 0_投资结论.src.md → narrative/chapters/0_投资结论.md（13 个事实，无裸数字）
✓ 1_行业相变研判.src.md → narrative/chapters/1_行业相变研判.md（21 个事实，无裸数字）
✓ 2_业务本质.src.md → narrative/chapters/2_业务本质.md（1 个事实，无裸数字）
✓ 3_需求验证.src.md → narrative/chapters/3_需求验证.md（112 个事实，无裸数字）
✓ 4_商业模式与壁垒.src.md → narrative/chapters/4_商业模式与壁垒.md（9 个事实，无裸数字）
✓ 5_产业格局与主导者.src.md → narrative/chapters/5_产业格局与主导者.md（62 个事实，无裸数字）
✓ 6_公司能力.src.md → narrative/chapters/6_公司能力.md（41 个事实，无裸数字）
✓ 7_估值与回报.src.md → narrative/chapters/7_估值与回报.md（125 个事实，无裸数字）
✓ 8_共振跟踪与操作.src.md → narrative/chapters/8_共振跟踪与操作.md（20 个事实，无裸数字）
✓ 9_复盘与反思.src.md → narrative/chapters/9_复盘与反思.md（0 个事实，无裸数字）
✓ 业务本质_第一性原理拆解.src.md → narrative/topics/业务本质_第一性原理拆解.md（2 个事实，无裸数字）
✓ 估值_为什么拍这个倍数.src.md → narrative/topics/估值_为什么拍这个倍数.md（14 个事实，无裸数字）
✓ 兑现年_为什么是2030.src.md → narrative/topics/兑现年_为什么是2030.md（4 个事实，无裸数字）
✓ 增量价值_运营单体加制造影响.src.md → narrative/topics/增量价值_运营单体加制造影响.md（0 个事实，无裸数字）
✓ 并购_节奏与竞合.src.md → narrative/topics/并购_节奏与竞合.md（0 个事实，无裸数字）
✓ 必要性_三条路为什么是换电.src.md → narrative/topics/必要性_三条路为什么是换电.md（0 个事实，无裸数字）
✓ 护城河_生命周期控制权.src.md → narrative/topics/护城河_生命周期控制权.md（0 个事实，无裸数字）
✓ 换电对超充_一张账.src.md → narrative/topics/换电对超充_一张账.md（38 个事实，无裸数字）
✓ 用人信号_战略定力与执行跟踪.src.md → narrative/topics/用人信号_战略定力与执行跟踪.md（0 个事实，无裸数字）
✓ 目标用户_谁的痛点.src.md → narrative/topics/目标用户_谁的痛点.md（7 个事实，无裸数字）
✓ 竞争格局_三足鼎立与赛道内玩家.src.md → narrative/topics/竞争格局_三足鼎立与赛道内玩家.md（59 个事实，无裸数字）
✓ 能力门_一号位与组织文化.src.md → narrative/topics/能力门_一号位与组织文化.md（0 个事实，无裸数字）
✓ 资本闭环_REITs与轻资产化.src.md → narrative/topics/资本闭环_REITs与轻资产化.md（0 个事实，无裸数字）
✓ 赔率与跟踪_从世界A到世界B.src.md → narrative/topics/赔率与跟踪_从世界A到世界B.md（0 个事实，无裸数字）
✓ 运营期限_换电是哪类资产.src.md → narrative/topics/运营期限_换电是哪类资产.md（0 个事实，无裸数字）
✓ 非共识_类型判定与证据形态.src.md → narrative/topics/非共识_类型判定与证据形态.md（0 个事实，无裸数字）
✓ 充电站与换电站_成本对比口径.src.md → 口径/充电站与换电站_成本对比口径.md（40 个事实，算式档：数由占位符注入）
✓ 车辆与站数_推算方法.src.md → 口径/车辆与站数_推算方法.md（42 个事实，算式档：数由占位符注入）
✓ 车队总账_换电对充电.src.md → 口径/车队总账_换电对充电.md（97 个事实，算式档：数由占位符注入）
✓ 运营收入与成本_口径.src.md → 口径/运营收入与成本_口径.md（34 个事实，算式档：数由占位符注入）

收口覆盖率（每份叙述必须声明自己论证哪个读数）：
  文件                                 收口   态   支撑   主张的读数（定性章另见「定性收口」）
  ────────────────────────────────────────────────────────────────────────────────────────────
  0_投资结论.src.md                      ✓    骨   0    meta.target_year、val.incr_over_mktcap
  1_行业相变研判.src.md                    定        3    （纯定性章）
  2_业务本质.src.md                      定        1    （纯定性章）
  3_需求验证.src.md                      ✓        37   ops.veh_ops、tco.swap_wan
  4_商业模式与壁垒.src.md                   定        2    （纯定性章）
  5_产业格局与主导者.src.md                  ✓        5    swap.coverage、swap.ebitda
  6_公司能力.src.md                      ✓        14   val.mfg_increment、capex.peak_call
  7_估值与回报.src.md                     ✓        23   val.swap_increment、val.op_ev_multiple
  8_共振跟踪与操作.src.md                   定        2    （纯定性章）
  9_复盘与反思.src.md                     定    骨   5    （纯定性章）
  业务本质_第一性原理拆解.src.md                定        0    （纯定性章）
  估值_为什么拍这个倍数.src.md                 定        0    （纯定性章）
  兑现年_为什么是2030.src.md                —    材   0    （未声明）
  增量价值_运营单体加制造影响.src.md              定        0    （纯定性章）
  并购_节奏与竞合.src.md                    定        0    （纯定性章）
  必要性_三条路为什么是换电.src.md               定        0    （纯定性章）
  护城河_生命周期控制权.src.md                 定        0    （纯定性章）
  换电对超充_一张账.src.md                   定        0    （纯定性章）
  用人信号_战略定力与执行跟踪.src.md              定        0    （纯定性章）
  目标用户_谁的痛点.src.md                   定        0    （纯定性章）
  竞争格局_三足鼎立与赛道内玩家.src.md             定        0    （纯定性章）
  能力门_一号位与组织文化.src.md                定        0    （纯定性章）
  资本闭环_REITs与轻资产化.src.md             定        0    （纯定性章）
  赔率与跟踪_从世界A到世界B.src.md              —    材   0    （未声明）
  运营期限_换电是哪类资产.src.md                定        0    （纯定性章）
  非共识_类型判定与证据形态.src.md               定        0    （纯定性章）
  ────────────────────────────────────────────────────────────────────────────────────────────
  合计 26 份，已收口 24 份，孤儿 2 份（✓＝定量主张　定＝纯定性收口　—＝孤儿）
  **待写 2 份（骨架）＋ 待点名 2 份（素材）**——这两类跳过「主张必须在正文出现」与「正文不许有仓内指针」两道检查。
  它们不是通过了，是**显式挂账**：删掉文件头那行 `- 状态:` 的那一刻，两道检查立刻生效。
状态文件纪律：通过

════════════════════════════════════════════════════
构建完成。所有文档里的数字同源于 decision_snapshot_v4_3.json，
叙述层不含任何手写数字——改 base.toml 重跑本命令即可全量刷新。
