报告: /sessions/rcw-01u6aljdtqx5e7h4kodxzm2x/mnt/宁德时代/业务/换电/定量计算/换电战略决策模型_v4_3/outputs/换电战略决策报告_v4.3.md
决策快照: /sessions/rcw-01u6aljdtqx5e7h4kodxzm2x/mnt/宁德时代/业务/换电/定量计算/换电战略决策模型_v4_3/build/decision_snapshot_v4_3.json
Dashboard参数: /sessions/rcw-01u6aljdtqx5e7h4kodxzm2x/mnt/宁德时代/业务/换电/定量计算/换电战略决策模型_v4_3/build/dashboard_parameter_registry_v4_3.json
最终判断: 支持重注

三情景（driver 组合整体重跑）：
指标                                    悲观            中性            乐观
私家车换电车辆(万)                          43.3         144.4         288.2
换电电池总装机(GWh)                       437.5         749.6       1,178.2
初装CAPEX合计(亿)                     3,249.1       5,487.4       8,556.5
全周期资本底座(亿)                       3,884.2       6,564.8      10,241.8
CATL建设期资本调用(亿)                     512.2         870.3       1,361.4
年折旧(亿)                             248.2         417.9         650.7
门槛EBITDA(亿)                        504.0         852.4       1,330.3
可交付EBITDA(亿)                       577.2       1,155.6       2,262.5
EBITDA覆盖倍数                          1.15          1.36          1.70
EBIT(亿)                            329.0         737.7       1,611.8
最低年可分派现金(亿)                        391.3         661.5       1,032.0
可归因换电增量(亿)                       2,156.1       7,775.1      17,768.1
动力电池线价值(亿)                      10,658.0      16,679.8      26,984.8
正在实测全参数血缘（每个参数单独 +10%）…
血缘实测完成（5s）

已生成：/sessions/rcw-01u6aljdtqx5e7h4kodxzm2x/mnt/宁德时代/业务/换电/定量计算/换电战略决策模型_v4_3/outputs/换电模型_参数与血缘_v4.3.xlsx
  00_怎么用 / 01_假设参数 / 02_结果总表 / 03_敏感性矩阵 / 03b_轴级影响 / 04_溯源 / 05_影响
参数与血缘工作簿: outputs/换电模型_参数与血缘_v4.3.xlsx
════════════════════════════════════════════════════════════════
以终为始决策树 · 链路审计
════════════════════════════════════════════════════════════════
节点 168　叶节点 110（其中直达 base.toml 参数 31）　带公式可校验的内部节点 57
情景：悲观／中性／乐观（中性＝模型基线）

【悲观】1 处
   ①  [ops.ext_gwh] 站内周转装机·外部权益部分
       模型值 0 vs 按公式重算 23.2486（相对差 100.000%，容差 1.0e-09）
【中性】1 处
   ①  [ops.ext_gwh] 站内周转装机·外部权益部分
       模型值 0 vs 按公式重算 37.5684（相对差 100.000%，容差 1.0e-09）
【乐观】1 处
   ①  [ops.ext_gwh] 站内周转装机·外部权益部分
       模型值 0 vs 按公式重算 57.2678（相对差 100.000%，容差 1.0e-09）

已写出 换电决策树_v4.3.xlsx
决策树(可口算视图): outputs/换电决策树_v4.3.xlsx
════════════════════════════════════════════════════════════
一页纸 · 自检（内容源 narrative/一页纸.md）
════════════════════════════════════════════════════════════
层次 3　行 35　引用指标 34 个　事实包 834 条
✓ 四条校验通过：无裸数字、占位符全写中文名、占位符全部可解析、metric 全部在注册表
  出口：outputs/换电沙盘_v4.3.html（xlsx 已停产，旧文件留作存档）

⚠ 档位方向与「投资价值判断」不一致（乐观档反而降低价值 / 悲观档反而提升价值）：
    ['purchase_tax']
   三档是投资价值的三档：成本类参数要反向填——乐观＝低成本、悲观＝高成本。请修正 base.toml 的 [drivers.*] 档位。


【悲观】
════════════════════════════════════════════════════════════════════════════
五道门 · 形状（名字 / 通过 / 余量 / 翻转参数 / 翻转阈值）
════════════════════════════════════════════════════════════════════════════
  ✓ 通过　经济门：读数 1.15　体检线 1.00　余量 +0.15
      · 换电服务费 0.13元/kWh → 降到 0.09元/kWh 时翻转
      · 全投资口径要求回报 7.50% → 升到 9.77% 时翻转
  ○ 物理门　（形状占位，本轮未实现）　能不能建：兑现年目标装机必须远小于现有＋规划产能，且给储能/AIDC 留余量
  ○ 资金门　（形状占位，本轮未实现）　钱够不够：峰值占用占 CFO 的比例；含回购对照的财务纪律检验
  ○ 博弈门　（形状占位，本轮未实现）　会不会被替代：快充路线、绿色甲醇路线、合作方配不配合
  ○ 能力门　（形状占位，本轮未实现）　自己干不干得了：组织能力、人才结构、执行记录（用人信号是推不是拉，且滞后）

【中性】
════════════════════════════════════════════════════════════════════════════
五道门 · 形状（名字 / 通过 / 余量 / 翻转参数 / 翻转阈值）
════════════════════════════════════════════════════════════════════════════
  ✓ 通过　经济门：读数 1.36　体检线 1.00　余量 +0.36
      · 换电服务费 0.15元/kWh → 降到 0.06元/kWh 时翻转
      · 全投资口径要求回报 7.50% → 升到 12.86% 时翻转
  ○ 物理门　（形状占位，本轮未实现）　能不能建：兑现年目标装机必须远小于现有＋规划产能，且给储能/AIDC 留余量
  ○ 资金门　（形状占位，本轮未实现）　钱够不够：峰值占用占 CFO 的比例；含回购对照的财务纪律检验
  ○ 博弈门　（形状占位，本轮未实现）　会不会被替代：快充路线、绿色甲醇路线、合作方配不配合
  ○ 能力门　（形状占位，本轮未实现）　自己干不干得了：组织能力、人才结构、执行记录（用人信号是推不是拉，且滞后）

【乐观】
════════════════════════════════════════════════════════════════════════════
五道门 · 形状（名字 / 通过 / 余量 / 翻转参数 / 翻转阈值）
════════════════════════════════════════════════════════════════════════════
  ✓ 通过　经济门：读数 1.70　体检线 1.00　余量 +0.70
      · 全投资口径要求回报 7.50% → 升到 17.57% 时翻转
  ○ 物理门　（形状占位，本轮未实现）　能不能建：兑现年目标装机必须远小于现有＋规划产能，且给储能/AIDC 留余量
  ○ 资金门　（形状占位，本轮未实现）　钱够不够：峰值占用占 CFO 的比例；含回购对照的财务纪律检验
  ○ 博弈门　（形状占位，本轮未实现）　会不会被替代：快充路线、绿色甲醇路线、合作方配不配合
  ○ 能力门　（形状占位，本轮未实现）　自己干不干得了：组织能力、人才结构、执行记录（用人信号是推不是拉，且滞后）

══════════════════════════════════════════════════════════════════════════════
桶① · 车队周转增长（逐年推保有量；流量曲线由 logistic 延长，第 2、3 层冻结）
══════════════════════════════════════════════════════════════════════════════
  车型              天花板     周期      兑现年保有       末年保有       倍数      装机权重
  heavy           80%      9      41.9%      78.9%     1.88     552.3
  city            95%      8      66.3%      95.0%     1.43      69.3
  taxi           100%      8      78.1%     100.0%     1.28      47.0
  ridehail       100%      8      78.1%     100.0%     1.28      47.0
  换电车队指数（兑现年=1）：2030:1.00  2035:1.43  2040:1.69  2045:1.76
  隐含项目 ROIC 11.05%
  永续账（规模冻结）EV 9,670.7 亿 → 计周转增长 11,471.1 亿（隐含 9.93×）
  **桶①（CATL 归属口径）= +720.2 亿，占押注部分的 16%**
  ── 延长期承载力对账（兑现年站网 = 1.00；不假设任何单站扩容）
  站型                     需要倍数     单站余量     卡在     免费承接     吞吐权重
  qiji75_short          1.88×    1.25×     手速      28%       7%
  qiji75_trunk          1.88×    1.25×     手速      28%      40%
  choco25_passenger     1.28×    1.84×     能量     100%      27%
  choco35_city          1.43×    1.27×     能量      63%      25%
  延长期新增需求中 43% 落在既有站的物理余量里——**模型仍按新建站全额计提了资本**，
  这一块是桶①之外没认领的保守量，不是可以花掉的余粮。
  余下才是桶②基准外期权 ＋ 桶③风险低于假设 ＋ 桶④纯重估押注。
  **桶①可被市场之外的东西证伪（渗透率曲线、车型数、区域盈利都可观察）；桶④不能。**

════════════════════════════════════════════════════════════════════════════
事件表 · 参数是怎么变成现在这样的，以及每一次变动值多少钱
════════════════════════════════════════════════════════════════════════════
  [已发生] 2026-08　收购启源芯动力
      vehicles.heavy.scenes.0.catl_swap_share：0.3 → 0.8
      vehicles.heavy.scenes.1.catl_swap_share：0.3 → 0.8
      vehicles.heavy.scenes.2.catl_swap_share：0.7 → 0.8
      **已带来 +3,372.3 亿元**（对照：4,402.8 → 7,775.1）
      因为：赛道内唯一够格的独立对手被并入体系，重卡换电的竞争假设从「与启源持续分食」变为「份额整合」。买什么说明缺什么：买的是站网与场景卡位，说明缺的是时间不是技术。 **重卡这一笔买的是时间**：干线网络的站址与卡位是排他的，自己重铺要很多年。注意两家的技术路线不通用（启源顶吊/后背式、骐骥底盘式，电池位置与换电机构全不同），所以买到的站**不能直接跑骐骥的车**，能复用的是站址与电力接入
  [预期] 待观察　收购蔚来电池银行与换电网络
      vehicles.taxi.scenes.0.catl_swap_share：0.5 → 0.8
      vehicles.ridehail.scenes.0.catl_swap_share：0.5 → 0.8
      vehicles.private.scenes.0.catl_swap_share：0.5 → 0.8
      vehicles.private.scenes.1.catl_swap_share：0.5 → 0.8
      vehicles.private.scenes.2.catl_swap_share：0.5 → 0.8
      **若兑现 +565.3 亿元**（对照：8,340.4 → 7,775.1）
      触发条件：**看交易公告，不看传闻**：蔚来能源（蔚能）控制权或其电池资产包发生转让，且受让方为 CATL 或其关联方。次级信号（不足以判定兑现、但会改变概率）：蔚能新一轮融资由 CATL 领投、或双方公告换电标准并网
      因为：**与收购启源同构：收编赛道内最强且存量规模最大的对手**，份额因此取同一档 0.80——不取 1.0 是因为其他对手竞争力虽弱但仍留一定空间，算保守估计。 **口径要说准：这里拿到的不是「标准独占」，是「两套标准都归我」。**卖方肯卖的前提是自家车还能换电，所以最可能的结构是它的标准继续存在、只是换了老板；按 `catl_swap_share` 的定义（换电车辆里有多少用 CATL 的），那仍然算 CATL，所以 0.80 站得住——**但它对站址复用的含义正好相反**：不改造，就省不出造价。 **只动乘用车（出租/网约/私家车），不动重卡与城配**：卖方是卖高端私家车起家的，营运场景的专属方案公司自述 2027 年才推出，它的用户与电池资产落不到重卡、城配池子里。 **站体物理不兼容有一手表态**（对方创始人明说自家小车不会接入巧克力换电，理由是液冷 vs 风冷），所以资本侧对应 C1 档而不是改造档。 **为什么这件事可能不发生**：卖方一直押注换电路线，把换电业务整体出让等于交出战略主动权，交易难度不小——这降低的是这张卡的**分量**，不是它的**金额**。 本卡只登记**份额层**；资本侧归 `[[mna.scenarios]]` 一家，两边不重复计价
  [中检点·数据跟踪] 待观察　绿色甲醇价格向灰醇收敛（下行）
      ◷ 跟踪中：2026-09 实测 3×（触发线 <= 1.3×）——窗口内当前零影响；兑现年后才达标只影响延长段（仅解释倍数，不计价）
      vehicles.heavy.nev_rates：[0.35 0.41 0.48 0.54 0.59] → 全效 -0.15/年·按达标月加权（见生效节奏）
      vehicles.heavy.nev_ceiling：0.8 → 0.65
      生效节奏：2026×0.25、2027×1、2028×1、2029×1、2030×1（达标当月观察、次月起车队转向，当年只压剩余月份）
      **若 2026-09 即刻达标 -1,483.1 亿元**（对照：6,292.0 → 7,775.1）
      因为：甲醇与电动之争是**动力源之争**，不是补能方式之争——一辆车要么烧甲醇要么用电。所以它压的是**纯电渗透率**这一层，压不到「已经是纯电的车里有多少用换电」那一层。 **生效节奏（数据驱动）**：月度比价由 agent 逐月录入 tracking_methanol.json，程序扫序列取**首个达标月**＝生效月；达标当月才观察到价格、车队采购从次月起转向，故**达标当年只压剩余月份**（如兑现年年中达标→当年权重 6/12，只影响下半年），次年起全效，事件不追溯。**兑现年年底前未达标＝窗口内零影响；兑现年之后才达标＝只影响兑现年后的延长段，当前不计价、仅用于解释估值倍数**（当前尚在窗口内，延长段效应不入账；见 events.py 延长段分支）。不设交付滞后期——比价持续在跟踪，达标即按当月起算，滞后只会重复计价。 **幅度**：甲醇拿走的是干线——重卡三场景里中途 0.50 ＋ 长途 0.12 ＝ 权重 0.62，假设其中约四分之一永久归甲醇 → 0.62×0.25 ≈ 0.155，取完整效应 **nev_rates 全效绝对下调 0.15/年**（按上面的年内权重分摊）。天花板 0.80 → 0.65：干线那块退出电动化，上限不该还停在原处（ceiling 只作用于兑现年后延长段，窗口内达标则整体切换）。 **这个四分之一是声明不是测算**，什么会让我改它：出现干线甲醇重卡的实际保有量数据。 **承重方**：甲醇电动整车购置成本低于纯电，且吉利远程「远醇」已建 1000+ 座加注站、规划 2027 年底 4000 座——它是一个正在出现的承重方，但它扛的是**加注网络**而非燃料成本曲线。 **推/拉判据**：CATL 自己说甲醇不行＝推；燃料生产商（非整车厂）自建加注网络＝拉
────────────────────────────────────────────────────────────────────────────
  已兑现事件累计贡献 +3,372.3 亿元；未兑现事件合计 -917.8 亿元（＝中检点的量化形态）
已写出 换电沙盘_v4.3.html（5 条打包轴 + 14 个单参数（12 个有区间约束）；6 个读数 × 3 道门）
交互沙盘: outputs/换电沙盘_v4.3.html
月度跟踪仪表盘: /sessions/rcw-01u6aljdtqx5e7h4kodxzm2x/mnt/宁德时代/业务/换电/定量计算/换电战略决策模型_v4_3/outputs/月度跟踪仪表盘.html
月度跟踪仪表盘: outputs/月度跟踪仪表盘.html
